[boutique.gocityrp.fr/index.html]
[backblue.gif]
[fade.gif]
[index.html]
[boutique.gocityrp.fr/templates/209/css/style.min.css]
[dunb17ur4ymx4.cloudfront.net/webstore/favicons/1c62c5534f3fe2ff24aa1041504c4fdf1d990898.png]
[use.fontawesome.com/releases/v5.15.4/css/all.css]
[boutique.gocityrp.fr/category/1690549.html]
[boutique.gocityrp.fr/index741e.html]
[boutique.gocityrp.fr/index8e83.html]
[boutique.gocityrp.fr/index06e8.html]
[boutique.gocityrp.fr/index3a16.html]
[boutique.gocityrp.fr/index3dc6.html]
[boutique.gocityrp.fr/indexde9d.html]
[boutique.gocityrp.fr/index8f22.html]
[boutique.gocityrp.fr/indexbfa2.html]
[boutique.gocityrp.fr/indexdc8f.html]
[boutique.gocityrp.fr/index5d1e.html]
[boutique.gocityrp.fr/checkout/basket.html]
[boutique.gocityrp.fr/index0307.html]
[boutique.gocityrp.fr/terms/checkout.html]
[boutique.gocityrp.fr/terms/privacy.html]
[boutique.gocityrp.fr/terms/impressum.html]
[boutique.gocityrp.fr/templates/209/js/skin.min.js]
[boutique.gocityrp.fr/index.html]
[boutique.gocityrp.fr/templates/209/js/bootstrap.min.js]
[ajax.googleapis.com/ajax/libs/jquery/1.11.0/jquery.min.js]
[boutique.gocityrp.fr/assets/js/discord.js]
[boutique.gocityrp.fr/templates/209/js/site.js]
[boutique.gocityrp.fr/templates/209/fonts/fontawesome-webfontba72.eot]
[boutique.gocityrp.fr/templates/209/fonts/fontawesome-webfontd41d.eot]
[boutique.gocityrp.fr/templates/209/fonts/fontawesome-webfontba72.woff]
[boutique.gocityrp.fr/templates/209/fonts/fontawesome-webfontba72.ttf]
[boutique.gocityrp.fr/templates/209/css/style.min.css]
[use.fontawesome.com/releases/v5.15.4/css/all.css]
[boutique.gocityrp.fr/templates/209/fonts/fontawesome-webfontba72.svg]
[boutique.gocityrp.fr/category/1690549741e.html]
[boutique.gocityrp.fr/category/16905493a16.html]
[boutique.gocityrp.fr/category/169054906e8.html]
[boutique.gocityrp.fr/category/16905498e83.html]
[boutique.gocityrp.fr/category/1690549de9d.html]
[boutique.gocityrp.fr/category/16905493dc6.html]
[boutique.gocityrp.fr/category/16905498f22.html]
[boutique.gocityrp.fr/category/1690549dc8f.html]
[boutique.gocityrp.fr/category/1690549bfa2.html]
[boutique.gocityrp.fr/category/16905495d1e.html]
[boutique.gocityrp.fr/category/16905490307.html]
[boutique.gocityrp.fr/checkout/packages/add/4151728.html]
[boutique.gocityrp.fr/checkout/packages/add/4151817.html]
[boutique.gocityrp.fr/checkout/packages/add/4151822.html]
[boutique.gocityrp.fr/checkout/packages/add/4151823.html]
[boutique.gocityrp.fr/checkout/packages/add/4151825.html]
[boutique.gocityrp.fr/category/1690549.html]
[boutique.gocityrp.fr/checkout/packages/add/4169625.html]
[boutique.gocityrp.fr/index741e.html]
[boutique.gocityrp.fr/index3a16.html]
[boutique.gocityrp.fr/index06e8.html]
[boutique.gocityrp.fr/index8e83.html]
[boutique.gocityrp.fr/indexde9d.html]
[boutique.gocityrp.fr/index3dc6.html]
[boutique.gocityrp.fr/index8f22.html]
[boutique.gocityrp.fr/indexdc8f.html]
[boutique.gocityrp.fr/indexbfa2.html]
[boutique.gocityrp.fr/index5d1e.html]
[boutique.gocityrp.fr/index0307.html]
[boutique.gocityrp.fr/checkout/basket741e.html]
[boutique.gocityrp.fr/checkout/basket3a16.html]
[boutique.gocityrp.fr/checkout/basket06e8.html]
[boutique.gocityrp.fr/checkout/basket8e83.html]
[boutique.gocityrp.fr/checkout/basketde9d.html]
[boutique.gocityrp.fr/checkout/basket3dc6.html]
[boutique.gocityrp.fr/checkout/basket8f22.html]
[boutique.gocityrp.fr/checkout/basketdc8f.html]
[boutique.gocityrp.fr/checkout/basketbfa2.html]
[boutique.gocityrp.fr/checkout/basket5d1e.html]
[boutique.gocityrp.fr/checkout/basket0307.html]
[boutique.gocityrp.fr/checkout/basket.html]
[boutique.gocityrp.fr/terms/checkout741e.html]
[boutique.gocityrp.fr/terms/checkout3a16.html]
[boutique.gocityrp.fr/terms/checkout06e8.html]
[boutique.gocityrp.fr/terms/checkout8e83.html]
[boutique.gocityrp.fr/terms/checkoutde9d.html]
[boutique.gocityrp.fr/terms/checkout3dc6.html]
[boutique.gocityrp.fr/terms/checkout8f22.html]
[boutique.gocityrp.fr/terms/checkoutdc8f.html]
[boutique.gocityrp.fr/terms/checkoutbfa2.html]
[boutique.gocityrp.fr/terms/checkout5d1e.html]
[boutique.gocityrp.fr/terms/checkout0307.html]
[boutique.gocityrp.fr/terms/checkout.html]
[boutique.gocityrp.fr/terms/privacy741e.html]
[boutique.gocityrp.fr/terms/privacy3a16.html]
[boutique.gocityrp.fr/terms/privacy06e8.html]
[boutique.gocityrp.fr/terms/privacy8e83.html]
[boutique.gocityrp.fr/terms/privacyde9d.html]
[boutique.gocityrp.fr/terms/privacy3dc6.html]
[boutique.gocityrp.fr/terms/privacy8f22.html]
[boutique.gocityrp.fr/terms/privacydc8f.html]
[boutique.gocityrp.fr/terms/privacybfa2.html]
[boutique.gocityrp.fr/terms/privacy5d1e.html]
[boutique.gocityrp.fr/terms/privacy0307.html]
[boutique.gocityrp.fr/terms/privacy.html]
[boutique.gocityrp.fr/terms/impressum741e.html]
[boutique.gocityrp.fr/terms/impressum3a16.html]
[boutique.gocityrp.fr/terms/impressum06e8.html]
[boutique.gocityrp.fr/terms/impressum8e83.html]
[boutique.gocityrp.fr/terms/impressumde9d.html]
[boutique.gocityrp.fr/terms/impressum3dc6.html]
[boutique.gocityrp.fr/terms/impressum8f22.html]
[boutique.gocityrp.fr/terms/impressumdc8f.html]
[boutique.gocityrp.fr/terms/impressumbfa2.html]
[boutique.gocityrp.fr/terms/impressum5d1e.html]
[boutique.gocityrp.fr/terms/impressum0307.html]
[boutique.gocityrp.fr/terms/impressum.html]
[boutique.gocityrp.fr/templates/209/fonts/fontawesome-webfontba72.svg]
[boutique.gocityrp.fr/category/1690549741e.html]
[boutique.gocityrp.fr/category/16905493a16.html]
[boutique.gocityrp.fr/category/169054906e8.html]
[boutique.gocityrp.fr/category/16905498e83.html]
[boutique.gocityrp.fr/category/1690549de9d.html]
[boutique.gocityrp.fr/category/16905493dc6.html]
[boutique.gocityrp.fr/category/16905498f22.html]
[boutique.gocityrp.fr/category/1690549dc8f.html]
[boutique.gocityrp.fr/category/1690549bfa2.html]
[boutique.gocityrp.fr/category/16905495d1e.html]
[boutique.gocityrp.fr/category/16905490307.html]
[boutique.gocityrp.fr/checkout/packages/add/4151728.html]
[boutique.gocityrp.fr/checkout/packages/add/4151817.html]
[boutique.gocityrp.fr/checkout/packages/add/4151822.html]
[boutique.gocityrp.fr/checkout/packages/add/4151823.html]
[boutique.gocityrp.fr/checkout/packages/add/4151825.html]
[boutique.gocityrp.fr/checkout/packages/add/4169625.html]
[boutique.gocityrp.fr/checkout/basket741e.html]
[boutique.gocityrp.fr/checkout/basket3a16.html]
[boutique.gocityrp.fr/checkout/basket06e8.html]
[boutique.gocityrp.fr/checkout/basket8e83.html]
[boutique.gocityrp.fr/checkout/basketde9d.html]
[boutique.gocityrp.fr/checkout/basket3dc6.html]
[boutique.gocityrp.fr/checkout/basket8f22.html]
[boutique.gocityrp.fr/checkout/basketdc8f.html]
[boutique.gocityrp.fr/checkout/basketbfa2.html]
[boutique.gocityrp.fr/checkout/basket5d1e.html]
[boutique.gocityrp.fr/checkout/basket0307.html]
[boutique.gocityrp.fr/terms/checkout741e.html]
[boutique.gocityrp.fr/terms/checkout3a16.html]
[boutique.gocityrp.fr/terms/checkout06e8.html]
[boutique.gocityrp.fr/terms/checkout8e83.html]
[boutique.gocityrp.fr/terms/checkoutde9d.html]
[boutique.gocityrp.fr/terms/checkout3dc6.html]
[boutique.gocityrp.fr/terms/checkout8f22.html]
[boutique.gocityrp.fr/terms/checkoutdc8f.html]
[boutique.gocityrp.fr/terms/checkoutbfa2.html]
[boutique.gocityrp.fr/terms/checkout5d1e.html]
[boutique.gocityrp.fr/terms/checkout0307.html]
[boutique.gocityrp.fr/terms/privacy741e.html]
[boutique.gocityrp.fr/terms/privacy3a16.html]
[boutique.gocityrp.fr/terms/privacy06e8.html]
[boutique.gocityrp.fr/terms/privacy8e83.html]
[boutique.gocityrp.fr/terms/privacyde9d.html]
[boutique.gocityrp.fr/terms/privacy3dc6.html]
[boutique.gocityrp.fr/terms/privacy8f22.html]
[boutique.gocityrp.fr/terms/privacydc8f.html]
[boutique.gocityrp.fr/terms/privacybfa2.html]
[boutique.gocityrp.fr/terms/privacy5d1e.html]
[boutique.gocityrp.fr/terms/privacy0307.html]
[boutique.gocityrp.fr/terms/impressum741e.html]
[boutique.gocityrp.fr/terms/impressum3a16.html]
[boutique.gocityrp.fr/terms/impressum06e8.html]
[boutique.gocityrp.fr/terms/impressum8e83.html]
[boutique.gocityrp.fr/terms/impressumde9d.html]
[boutique.gocityrp.fr/terms/impressum3dc6.html]
[boutique.gocityrp.fr/terms/impressum8f22.html]
[boutique.gocityrp.fr/terms/impressumdc8f.html]
[boutique.gocityrp.fr/terms/impressumbfa2.html]
[boutique.gocityrp.fr/terms/impressum5d1e.html]
[boutique.gocityrp.fr/terms/impressum0307.html]
[boutique.gocityrp.fr/checkout/logout.html]
[boutique.gocityrp.fr/checkout/packages/add/4151728741e.html]
[boutique.gocityrp.fr/checkout/packages/add/41517283a16.html]
[boutique.gocityrp.fr/checkout/packages/add/415172806e8.html]
[boutique.gocityrp.fr/checkout/packages/add/41517288e83.html]
[boutique.gocityrp.fr/checkout/packages/add/4151728de9d.html]
[boutique.gocityrp.fr/checkout/packages/add/41517283dc6.html]
[boutique.gocityrp.fr/checkout/packages/add/41517288f22.html]
[boutique.gocityrp.fr/checkout/packages/add/4151728dc8f.html]
[boutique.gocityrp.fr/checkout/packages/add/4151728bfa2.html]
[boutique.gocityrp.fr/checkout/packages/add/41517285d1e.html]
[boutique.gocityrp.fr/checkout/packages/add/41517280307.html]
[boutique.gocityrp.fr/checkout/packages/add/4151817741e.html]
[boutique.gocityrp.fr/checkout/packages/add/41518173a16.html]
[boutique.gocityrp.fr/checkout/packages/add/415181706e8.html]
[boutique.gocityrp.fr/checkout/packages/add/41518178e83.html]
[boutique.gocityrp.fr/checkout/packages/add/4151817de9d.html]
[boutique.gocityrp.fr/checkout/packages/add/41518173dc6.html]
[boutique.gocityrp.fr/checkout/packages/add/41518178f22.html]
[boutique.gocityrp.fr/checkout/packages/add/4151817dc8f.html]
[boutique.gocityrp.fr/checkout/packages/add/4151817bfa2.html]
[boutique.gocityrp.fr/checkout/packages/add/41518175d1e.html]
[boutique.gocityrp.fr/checkout/packages/add/41518170307.html]
[boutique.gocityrp.fr/checkout/packages/add/4151822741e.html]
[boutique.gocityrp.fr/checkout/packages/add/41518223a16.html]
[boutique.gocityrp.fr/checkout/packages/add/415182206e8.html]
[boutique.gocityrp.fr/checkout/packages/add/41518228e83.html]
[boutique.gocityrp.fr/checkout/packages/add/4151822de9d.html]
[boutique.gocityrp.fr/checkout/packages/add/41518223dc6.html]
[boutique.gocityrp.fr/checkout/packages/add/41518228f22.html]
[boutique.gocityrp.fr/checkout/packages/add/4151822dc8f.html]
[boutique.gocityrp.fr/checkout/packages/add/4151822bfa2.html]
[boutique.gocityrp.fr/checkout/packages/add/41518225d1e.html]
[boutique.gocityrp.fr/checkout/packages/add/41518220307.html]
[boutique.gocityrp.fr/checkout/packages/add/4151823741e.html]
[boutique.gocityrp.fr/checkout/packages/add/41518233a16.html]
[boutique.gocityrp.fr/checkout/packages/add/415182306e8.html]
[boutique.gocityrp.fr/checkout/packages/add/41518238e83.html]
[boutique.gocityrp.fr/checkout/packages/add/4151823de9d.html]
[boutique.gocityrp.fr/checkout/packages/add/41518233dc6.html]
[boutique.gocityrp.fr/checkout/packages/add/41518238f22.html]
[boutique.gocityrp.fr/checkout/packages/add/4151823dc8f.html]
[boutique.gocityrp.fr/checkout/packages/add/4151823bfa2.html]
[boutique.gocityrp.fr/checkout/packages/add/41518235d1e.html]
[boutique.gocityrp.fr/checkout/packages/add/41518230307.html]
[boutique.gocityrp.fr/checkout/packages/add/4151825741e.html]
[boutique.gocityrp.fr/checkout/packages/add/41518253a16.html]
[boutique.gocityrp.fr/checkout/packages/add/415182506e8.html]
[boutique.gocityrp.fr/checkout/packages/add/41518258e83.html]
[boutique.gocityrp.fr/checkout/packages/add/4151825de9d.html]
[boutique.gocityrp.fr/checkout/packages/add/41518253dc6.html]
[boutique.gocityrp.fr/checkout/packages/add/41518258f22.html]
[boutique.gocityrp.fr/checkout/packages/add/4151825dc8f.html]
[boutique.gocityrp.fr/checkout/packages/add/4151825bfa2.html]
[boutique.gocityrp.fr/checkout/packages/add/41518255d1e.html]
[boutique.gocityrp.fr/checkout/packages/add/41518250307.html]
[boutique.gocityrp.fr/checkout/packages/add/4169625741e.html]
[boutique.gocityrp.fr/checkout/packages/add/41696253a16.html]
[boutique.gocityrp.fr/checkout/packages/add/416962506e8.html]
[boutique.gocityrp.fr/checkout/packages/add/41696258e83.html]
[boutique.gocityrp.fr/checkout/packages/add/4169625de9d.html]
[boutique.gocityrp.fr/checkout/packages/add/41696253dc6.html]
[boutique.gocityrp.fr/checkout/packages/add/41696258f22.html]
[boutique.gocityrp.fr/checkout/packages/add/4169625dc8f.html]
[boutique.gocityrp.fr/checkout/packages/add/4169625bfa2.html]
[boutique.gocityrp.fr/checkout/packages/add/41696255d1e.html]
[boutique.gocityrp.fr/checkout/packages/add/41696250307.html]
